// Jest Snapshot v1, https://goo.gl/fbAQLP

exports[`Primary Navigation component renders correctly 1`] = `
<nav
  className="primary-navigation"
  role="navigation"
>
  <ul>
    <li>
      <a
        href="/menu-item-1/"
      >
        Menu Item 1
      </a>
    </li>
    <li>
      <a
        href="/menu-item-2/"
      >
        Menu Item 2
      </a>
    </li>
  </ul>
</nav>
`;
